<testsuite errors="0" failures="0" name="Django Project Tests" skips="0" tests="13" time="0.158"><testcase classname="models.tests.test_terminal.TestTerminal" name="test_instance" time="0.000298" /><testcase classname="models.tests.test_terminal.TestTerminal" name="test_saving_on_db" time="0.000265" /><testcase classname="controllers.tests.test_user.UserControllerTest" name="test_buscar_linha_page" time="0.026111" /><testcase classname="controllers.tests.test_user.UserControllerTest" name="test_change_password" time="0.002506" /><testcase classname="controllers.tests.test_user.UserControllerTest" name="test_change_password_page" time="0.001294" /><testcase classname="controllers.tests.test_user.UserControllerTest" name="test_change_userdate" time="0.001059" /><testcase classname="controllers.tests.test_user.UserControllerTest" name="test_deactivate_account_page" time="0.000994" /><testcase classname="controllers.tests.test_user.UserControllerTest" name="test_loged_user" time="0.011427" /><testcase classname="controllers.tests.test_user.UserControllerTest" name="test_logout_user" time="0.004297" /><testcase classname="controllers.tests.test_user.UserControllerTest" name="test_register_user_page" time="0.004170" /><testcase classname="controllers.tests.test_user.UserControllerTest" name="test_register_user_success_db" time="0.052085" /><testcase classname="controllers.tests.test_user.UserControllerTest" name="test_register_user_success_status_code" time="0.051204" /><testcase classname="controllers.tests.test_user.UserControllerTest" name="test_user_account" time="0.001121" /></testsuite>